// Jest Snapshot v1, https://goo.gl/fbAQLP

exports[`Snapshot of AddNewRecord 1`] = `
<nav
  class="navbar sticky-top navbar-light header"
>
  <button
    class="add-buttton btn btn-outline-danger"
    data-testid="add-row-button"
    type="button"
  >
    Add Row
  </button>
  <span
    class="virtulized-list"
    data-testid="virtulized-list"
  >
    Virtualized List
  </span>
  <button
    class="btn btn-link to-top"
    data-testid="scroll-top-button"
    type="button"
  >
    To Top 
     
    <img
      src="arrow-up-circle.svg"
    />
  </button>
</nav>
`;
